../declarations/backend/index.ts(3,27): error TS2307: Cannot find module '@dfinity/principal' or its corresponding type declarations.
